
> web@0.1.0 build
> next build

   ▲ Next.js 14.1.4
   - Environments: .env

   Creating an optimized production build ...
Compiler edge-server unexpectedly exited with code: null and signal: SIGTERM
 ✓ Compiled successfully
   Linting and checking validity of types ...
   Collecting page data ...
   Generating static pages (0/9) ...
   Generating static pages (2/9) 
   Generating static pages (4/9) 
   Generating static pages (6/9) 
 ✓ Generating static pages (9/9) 
   Finalizing page optimization ...
   Collecting build traces ...

Route (app)                              Size     First Load JS
┌ ○ /                                    5.22 kB        89.5 kB
├ ○ /_not-found                          882 B          85.1 kB
├ λ /api/auth/google                     0 B                0 B
├ λ /api/auth/login                      0 B                0 B
├ λ /api/auth/register                   0 B                0 B
└ ○ /api/health                          0 B                0 B
+ First Load JS shared by all            84.3 kB
  ├ chunks/69-74caad7d92f0b2c1.js        29 kB
  ├ chunks/fd9d1056-d03af0e963d7a2f3.js  53.4 kB
  └ other shared chunks (total)          1.87 kB


ƒ Middleware                             32.9 kB

○  (Static)   prerendered as static content
λ  (Dynamic)  server-rendered on demand using Node.js

